// Jest Snapshot v1, https://goo.gl/fbAQLP

exports[`It allows to sync h1 title and input value 1`] = `
"[36m<main>[39m
  [36m<div>[39m
    [36m<h1 />[39m
    [36m<input />[39m
  [36m</div>[39m
[36m</main>[39m

[36m<main>[39m
  [36m<div>[39m
    [36m<h1>[39m
      [0mHello world[0m
    [36m</h1>[39m
    [36m<input />[39m
  [36m</div>[39m
[36m</main>[39m"
`;
